OpenBSD 3.9 (GENERIC) #617: Thu Mar  2 02:26:48 MST 2006
    deraadt@i386.openbsd.org:/usr/src/sys/arch/i386/compile/GENERIC
cpu0: Mobile Intel(R) Celeron(R) CPU 2.20GHz ("GenuineIntel" 686-class) 2.20 GHz
cpu0: FPU,V86,DE,PSE,TSC,MSR,PAE,MCE,CX8,APIC,SEP,MTRR,PGE,MCA,CMOV,PAT,PSE36,CFLUSH,ACPI,MMX,FXSR,SSE,SSE2,SS,HTT,TM,SBF,CNXT-ID
real mem  = 467181568 (456232K)
avail mem = 419102720 (409280K)
using 4278 buffers containing 23461888 bytes (22912K) of memory
User Kernel Config
UKC> disable apm0
275 apm0 disabled
UKC> quit
Continuing...
mainbus0 (root)
bios0 at mainbus0: AT/286+(9f) BIOS, date 03/04/05, BIOS32 rev. 0 @ 0xfd830
apm at bios0 function 0x15 not configured
pcibios0 at bios0: rev 2.1 @ 0xfd830/0x7d0
pcibios0: PCI IRQ Routing Table rev 1.0 @ 0xfdf40/160 (8 entries)
pcibios0: PCI Interrupt Router at 000:02:0 ("SiS 85C503 System" rev 0x00)
pcibios0: PCI bus #2 is the last bus
bios0: ROM list: 0xc0000/0xc000 0xcc000/0xa000 0xd6000/0x800!
cpu0 at mainbus0
pci0 at mainbus0 bus 0: configuration mode 1 (no bios)
pchb0 at pci0 dev 0 function 0 "SiS 650 PCI" rev 0x80
ppb0 at pci0 dev 1 function 0 "SiS 86C201 AGP" rev 0x00
pci1 at ppb0 bus 1
vga1 at pci1 dev 0 function 0 "SiS 650 VGA" rev 0x00: aperture at 0xe8000000, size 0x400000
wsdisplay0 at vga1 mux 1: console (80x25, vt100 emulation)
wsdisplay0: screen 1-5 added (80x25, vt100 emulation)
pcib0 at pci0 dev 2 function 0 "SiS 85C503 System" rev 0x25
pciide0 at pci0 dev 2 function 5 "SiS 5513 EIDE" rev 0x00: 650: DMA, channel 0 configured to compatibility, channel 1 configured to compatibility
wd0 at pciide0 channel 0 drive 0: <IC25N030ATMR04-0>
wd0: 16-sector PIO, LBA48, 28615MB, 58605120 sectors
wd0(pciide0:0:0): using PIO mode 4, Ultra-DMA mode 5
atapiscsi0 at pciide0 channel 1 drive 0
scsibus0 at atapiscsi0: 2 targets
cd0 at scsibus0 targ 0 lun 0: <QSI, CDRW/DVD SBW242C, UQ81> SCSI0 5/cdrom removable
cd0(pciide0:1:0): using PIO mode 4, Ultra-DMA mode 2
"SiS 7013 Modem" rev 0xa0 at pci0 dev 2 function 6 not configured
auich0 at pci0 dev 2 function 7 "SiS 7012 AC97" rev 0xa0: irq 5, SiS7012 AC97
ac97: codec id 0x41445374 (Analog Devices AD1981B)
ac97: codec features headphone, 20 bit DAC, No 3D Stereo
audio0 at auich0
ohci0 at pci0 dev 3 function 0 "SiS 5597/5598 USB" rev 0x0f: irq 9, version 1.0, legacy support
usb0 at ohci0: USB revision 1.0
uhub0 at usb0
uhub0: SiS OHCI root hub, rev 1.00/1.00, addr 1
uhub0: 3 ports with 3 removable, self powered
ohci1 at pci0 dev 3 function 1 "SiS 5597/5598 USB" rev 0x0f: irq 10, version 1.0, legacy support
usb1 at ohci1: USB revision 1.0
uhub1 at usb1
uhub1: SiS OHCI root hub, rev 1.00/1.00, addr 1
uhub1: 3 ports with 3 removable, self powered
ehci0 at pci0 dev 3 function 2 "SiS 7002 USB" rev 0x00: irq 3
usb2 at ehci0: USB revision 2.0
uhub2 at usb2
uhub2: SiS EHCI root hub, rev 2.00/1.00, addr 1
uhub2: 6 ports with 6 removable, self powered
sis0 at pci0 dev 4 function 0 "SiS 900 10/100BaseTX" rev 0x91: irq 4, address 00:11:43:44:86:42
rlphy0 at sis0 phy 1: RTL8201L 10/100 PHY, rev. 1
cbb0 at pci0 dev 10 function 0 "Texas Instruments PCI1510 CardBus" rev 0x00: irq 9
isa0 at pcib0
isadma0 at isa0
pckbc0 at isa0 port 0x60/5
pckbd0 at pckbc0 (kbd slot)
pckbc0: using irq 1 for kbd slot
wskbd0 at pckbd0: console keyboard, using wsdisplay0
pms0 at pckbc0 (aux slot)
pckbc0: using irq 12 for aux slot
wsmouse0 at pms0 mux 0
pckbcintr: no dev for slot 1
pcppi0 at isa0 port 0x61
midi0 at pcppi0: <PC speaker>
spkr0 at pcppi0
npx0 at isa0 port 0xf0/16: using exception 16
cardslot0 at cbb0 slot 0 flags 0
cardbus0 at cardslot0: bus 2 device 0 cacheline 0x8, lattimer 0x20
pcmcia0 at cardslot0
biomask efcd netmask efdd ttymask ffdf
pctr: user-level cycle counter enabled
wi0 at pcmcia0 function 0 "Dell, TrueMobile 1150 Series PC Card, Version 01.01" port 0xa000/64
wi0: Firmware 8.10 variant 1, address 00:02:2d:91:f5:64
dkcsum: wd0 matches BIOS drive 0x80
root on wd0a
rootdev=0x0 rrootdev=0x300 rawdev=0x302
